executing config test SL
+ cd '/Users/jhonathandbr/Downloads/SOURCES MOONLIGHT/extracted_2026-07-11/moonlight-qt-6.1.0/config.tests/SL' && /Users/jhonathandbr/Qt/6.8.2/macos/bin/qmake  -spec /Users/jhonathandbr/Qt/6.8.2/macos/mkspecs/macx-clang "CONFIG -= qt debug_and_release app_bundle lib_bundle" '/Users/jhonathandbr/Downloads/SOURCES MOONLIGHT/extracted_2026-07-11/moonlight-qt-6.1.0/config.tests/SL'
> Project WARNING: Qt has only been tested with version 15 of the platform SDK, you're using 26.
> Project WARNING: This is an unsupported configuration. You may experience build issues, and by using
> Project WARNING: the 26.5 SDK you are opting in to new features that Qt has not been prepared for.
> Project WARNING: Please downgrade the SDK you use to build your app to version 15, or configure
> Project WARNING: with CONFIG+=sdk_no_version_check when running qmake to silence this warning.
+ cd '/Users/jhonathandbr/Downloads/SOURCES MOONLIGHT/extracted_2026-07-11/moonlight-qt-6.1.0/config.tests/SL' && MAKEFLAGS= make
> /Library/Developer/CommandLineTools/usr/bin/clang++ -c -pipe -stdlib=libc++ -O2 -std=gnu++1z  -arch arm64 -isysroot /Library/Developer/CommandLineTools/SDKs/MacOSX.sdk -mmacosx-version-min=12 -Wall -Wextra  -I. -I/Users/jhonathandbr/Qt/6.8.2/macos/mkspecs/macx-clang -o main.o main.cpp
> main.cpp:1:10: fatal error: 'SLVideo.h' file not found
>     1 | #include <SLVideo.h>
>       |          ^~~~~~~~~~~
> 1 error generated.
> make: *** [main.o] Error 1
test SL FAILED
executing config test EGL
+ cd '/Users/jhonathandbr/Downloads/SOURCES MOONLIGHT/extracted_2026-07-11/moonlight-qt-6.1.0/config.tests/EGL' && /Users/jhonathandbr/Qt/6.8.2/macos/bin/qmake  -spec /Users/jhonathandbr/Qt/6.8.2/macos/mkspecs/macx-clang "CONFIG -= qt debug_and_release app_bundle lib_bundle" '/Users/jhonathandbr/Downloads/SOURCES MOONLIGHT/extracted_2026-07-11/moonlight-qt-6.1.0/config.tests/EGL'
> Project WARNING: Qt has only been tested with version 15 of the platform SDK, you're using 26.
> Project WARNING: This is an unsupported configuration. You may experience build issues, and by using
> Project WARNING: the 26.5 SDK you are opting in to new features that Qt has not been prepared for.
> Project WARNING: Please downgrade the SDK you use to build your app to version 15, or configure
> Project WARNING: with CONFIG+=sdk_no_version_check when running qmake to silence this warning.
> Project ERROR: sdl2 development package not found
test EGL FAILED
